src/pages/Kanban.tsx(8,34): error TS6133: 'updateDoc' is declared but its value is never read.
src/pages/Kanban.tsx(8,45): error TS6133: 'doc' is declared but its value is never read.
